Compiling lib\main.dart for the Web...                          
flutter : Wasm dry run succeeded. 
Consider building and testing your 
application with the `--wasm` 
flag. See docs for more info: https
://docs.flutter.dev/platform-integr
ation/web/wasm
En línea: 1 Carácter: 1
+ flutter build web --release 2>&1 
| Tee-Object -FilePath 
build_output. ...
+ ~~~~~~~~~~~~~~~~~~~~~~~~~~~~~~~~
    + CategoryInfo          : NotS 
   pecified: (Wasm dry run su...r  
  ation/web/wasm:String) [], Rem   
 oteException
    + FullyQualifiedErrorId : Nati 
   veCommandError
 
Use --no-wasm-dry-run to disable 
these warnings.
Target dart2js failed: 
ProcessException: Process exited 
abnormally with exit code 1:
lib/main.dart:1323:15:
Error: 'Marker' is imported from 
both 'package:flutter_map/src/layer
/marker_layer/marker_layer.dart' 
and 'package:lottie/src/model/marke
r.dart'.
              Marker(
              ^^^^^^
lib/main.dart:1334:22:
Error: 'Marker' is imported from 
both 'package:flutter_map/src/layer
/marker_layer/marker_layer.dart' 
and 'package:lottie/src/model/marke
r.dart'.
              (s) => Marker(
                     ^^^^^^
lib/main.dart:1356:22:
Error: 'Marker' is imported from 
both 'package:flutter_map/src/layer
/marker_layer/marker_layer.dart' 
and 'package:lottie/src/model/marke
r.dart'.
              (k) => Marker(
                     ^^^^^^
Error: Compilation failed.
  Command: C:\src\flutter_windows_3
.38.5-stable\flutter\bin\cache\dart
-sdk\bin\dart.exe compile js --plat
form-binaries=C:\src\flutter_window
s_3.38.5-stable\flutter\bin\cache\f
lutter_web_sdk\kernel 
--invoker=flutter_tool 
-Ddart.vm.product=true 
-DFLUTTER_VERSION=3.38.5 
-DFLUTTER_CHANNEL=stable -DFLUTTER_
GIT_URL=https://github.com/flutter/
flutter.git -DFLUTTER_FRAMEWORK_REV
ISION=f6ff1529fd -DFLUTTER_ENGINE_R
EVISION=1527ae0ec5 
-DFLUTTER_DART_VERSION=3.10.4 
-DFLUTTER_WEB_USE_SKIA=true 
-DFLUTTER_WEB_USE_SKWASM=false -DFL
UTTER_WEB_CANVASKIT_URL=https://www
.gstatic.com/flutter-canvaskit/1527
ae0ec577a4ef50e65f6fefcfc1326707d9b
f/ --native-null-assertions 
--no-source-maps -O4 --minify -o C:
\proyectos\skate-app\frontend\.dart
_tool\flutter_build\ee8df0abdfdbe7b
0d154a88300f1f270\app.dill --packag
es=C:\proyectos\skate-app\frontend\
.dart_tool\package_config.json 
--cfe-only C:\proyectos\skate-app\f
rontend\.dart_tool\flutter_build\ee
8df0abdfdbe7b0d154a88300f1f270\main
.dart
#0      RunResult.throwException (p
ackage:flutter_tools/src/base/proce
ss.dart:153:5)
#1      _DefaultProcessUtils.run (p
ackage:flutter_tools/src/base/proce
ss.dart:379:19)
<asynchronous suspension>
#2      Dart2JSTarget.build (packag
e:flutter_tools/src/build_system/ta
rgets/web.dart:207:5)
<asynchronous suspension>
#3      
_BuildInstance._invokeInternal (pac
kage:flutter_tools/src/build_system
/build_system.dart:895:9)
<asynchronous suspension>
#4      Future.wait.<anonymous 
closure> 
(dart:async/future.dart:546:21)
<asynchronous suspension>
#5      
_BuildInstance.invokeTarget (packag
e:flutter_tools/src/build_system/bu
ild_system.dart:833:32)
<asynchronous suspension>
#6      Future.wait.<anonymous 
closure> 
(dart:async/future.dart:546:21)
<asynchronous suspension>
#7      
_BuildInstance.invokeTarget (packag
e:flutter_tools/src/build_system/bu
ild_system.dart:833:32)
<asynchronous suspension>
#8      FlutterBuildSystem.build (p
ackage:flutter_tools/src/build_syst
em/build_system.dart:653:16)
<asynchronous suspension>
#9      WebBuilder.buildWeb (packag
e:flutter_tools/src/web/compile.dar
t:94:34)
<asynchronous suspension>
#10     BuildWebCommand.runCommand 
(package:flutter_tools/src/commands
/build_web.dart:296:5)
<asynchronous suspension>
#11     
FlutterCommand.run.<anonymous 
closure> (package:flutter_tools/src
/runner/flutter_command.dart:1559:2
7)
<asynchronous suspension>
#12     AppContext.run.<anonymous 
closure> (package:flutter_tools/src
/base/context.dart:154:19)
<asynchronous suspension>
#13     CommandRunner.runCommand (p
ackage:args/command_runner.dart:212
:13)
<asynchronous suspension>
#14     FlutterCommandRunner.runCom
mand.<anonymous closure> (package:f
lutter_tools/src/runner/flutter_com
mand_runner.dart:487:9)
<asynchronous suspension>
#15     AppContext.run.<anonymous 
closure> (package:flutter_tools/src
/base/context.dart:154:19)
<asynchronous suspension>
#16     
FlutterCommandRunner.runCommand (pa
ckage:flutter_tools/src/runner/flut
ter_command_runner.dart:422:5)
<asynchronous suspension>
#17     run.<anonymous 
closure>.<anonymous closure> (packa
ge:flutter_tools/runner.dart:104:11
)
<asynchronous suspension>
#18     AppContext.run.<anonymous 
closure> (package:flutter_tools/src
/base/context.dart:154:19)
<asynchronous suspension>
#19     main (package:flutter_tools
/executable.dart:103:3)
<asynchronous suspension>

Compiling lib\main.dart for the Web...                             34,0s
Error: Failed to compile 
application for the Web.
